// Jest Snapshot v1, https://goo.gl/fbAQLP

exports[`<LaundDetails> tests should render and match the snapshot 1`] = `
<body>
  <div>
    <div
      class="ant-card ant-card-bordered LaunchDetails__LaunchDetailsCard-ytnak2-0 jEXwRD"
      data-testid="launch-details"
    >
      <div
        class="ant-card-body"
      >
        <img
          class="LaunchDetails__CustomImage-ytnak2-1 iXORvU"
          src="https://farm9.staticflickr.com/8617/16789019815_f99a165dc5_o.jpg"
        />
        <div
          class="LaunchDetails__DetailsCard-ytnak2-2 hkMZdw"
        >
          <p
            class="T__StyledText-gcrjip-0 irGVum LaunchDetails__CustomT-ytnak2-4 dKPFxL"
            data-testid="mission-name"
          >
            CRS-21
          </p>
          <p
            class="T__StyledText-gcrjip-0 gIxZML LaunchDetails__CustomT-ytnak2-4 dKPFxL"
            data-testid="details"
          >
            <b
              class="LaunchDetails__LaunchLabel-ytnak2-5 ibUuTD"
            >
              Details
            </b>
             SpaceX's 21st ISS resupply mission.
          </p>
          <p
            class="T__StyledText-gcrjip-0 cTCPAw LaunchDetails__LaunchLabelT-ytnak2-6 jcSOHI"
            data-testid="t"
          >
            Rocket 
          </p>
          <div
            class="LaunchDetails__RocketBox-ytnak2-3 jQCsNq"
          >
            <p
              class="T__StyledText-gcrjip-0 gIxZML LaunchDetails__CustomT-ytnak2-4 dKPFxL"
              data-testid="rocket-name"
            >
              <b
                class="LaunchDetails__LaunchLabel-ytnak2-5 ibUuTD"
              >
                Name
              </b>
               Falcon 9
            </p>
            <p
              class="T__StyledText-gcrjip-0 gIxZML LaunchDetails__CustomT-ytnak2-4 dKPFxL"
              data-testid="rocket-type"
            >
              <b
                class="LaunchDetails__LaunchLabel-ytnak2-5 ibUuTD"
              >
                Type
              </b>
               FT
            </p>
          </div>
          <p
            class="T__StyledText-gcrjip-0 cTCPAw LaunchDetails__LaunchLabelT-ytnak2-6 jcSOHI"
            data-testid="t"
          >
            Ships 
          </p>
          <div
            class="LaunchDetails__ShipContainer-ytnak2-7 ImOjY"
          >
            <p
              class="T__StyledText-gcrjip-0 gIxZML LaunchDetails__CustomT-ytnak2-4 dKPFxL"
              data-testid="ship-name"
            >
              <b
                class="LaunchDetails__LaunchLabel-ytnak2-5 ibUuTD"
              >
                Name
              </b>
               Ship 1
            </p>
            <p
              class="T__StyledText-gcrjip-0 gIxZML LaunchDetails__CustomT-ytnak2-4 dKPFxL"
              data-testid="ship-type"
            >
              <b
                class="LaunchDetails__LaunchLabel-ytnak2-5 ibUuTD"
              >
                Type
              </b>
               Type 1
            </p>
          </div>
        </div>
      </div>
    </div>
  </div>
</body>
`;
